/home/ubuntu/.no-mistakes/worktrees/9c45ef16ef2c/01M3W6M4RHHDDM2YRZYDVZPYBB/.test-inbox-validation/fm-lab.95t4pk8k
real composer state with draft: pending
sender-1: paused after durable enqueue and metadata unlock
sender-1: remains waiting while real inbox lock is held despite FM_TASK_INBOX_LOCK_WAIT_SECS=0
sender-1: fm-send: doorbell skipped (composer visibly holds pending text); the steer is durably recorded at /home/ubuntu/.no-mistakes/worktrees/9c45ef16ef2c/01M3W6M4RHHDDM2YRZYDVZPYBB/.test-inbox-validation/fm-lab.95t4pk8k/state/retry.inbox/001.msg and the watcher will ring it once more
sender-2: paused after durable enqueue and metadata unlock
sender-3: fm-send: doorbell skipped (composer visibly holds pending text); the steer is durably recorded at /home/ubuntu/.no-mistakes/worktrees/9c45ef16ef2c/01M3W6M4RHHDDM2YRZYDVZPYBB/.test-inbox-validation/fm-lab.95t4pk8k/state/retry.inbox/003.msg and the watcher will ring it once more
sender-2: fm-send: doorbell skipped (composer visibly holds pending text); the steer is durably recorded at /home/ubuntu/.no-mistakes/worktrees/9c45ef16ef2c/01M3W6M4RHHDDM2YRZYDVZPYBB/.test-inbox-validation/fm-lab.95t4pk8k/state/retry.inbox/002.msg and the watcher will ring it once more
out-of-order unhandled send: marker stays 003.msg
sender-4: paused after durable enqueue and metadata unlock
sender-5: fm-send: doorbell skipped (composer visibly holds pending text); the steer is durably recorded at /home/ubuntu/.no-mistakes/worktrees/9c45ef16ef2c/01M3W6M4RHHDDM2YRZYDVZPYBB/.test-inbox-validation/fm-lab.95t4pk8k/state/retry.inbox/005.msg and the watcher will ring it once more
sender-4: fm-send: doorbell skipped (composer visibly holds pending text); the steer is durably recorded at /home/ubuntu/.no-mistakes/worktrees/9c45ef16ef2c/01M3W6M4RHHDDM2YRZYDVZPYBB/.test-inbox-validation/fm-lab.95t4pk8k/state/retry.inbox/004.msg and the watcher will ring it once more
out-of-order acknowledged send: marker stays 005.msg
WATCHER DRAIN
OPEN DECISIONS (still open, folded from the durable status logs - not just the latest line):
retry [key=live-check] needs-decision: waiting for this isolated decision
OPEN DECISIONS: close one by answering it: bin/fm-send.sh <task> --resolve-key <key> '<answer>'
WARNING: watcher still down (same stale episode; last beat: never, grace 300s) - full banner already printed this episode.

open own decision: running watcher leaves retry owed and draft untouched
WATCHER DRAIN
1790876358	2	signal	retry.status	needs-decision: /home/ubuntu/.no-mistakes/worktrees/9c45ef16ef2c/01M3W6M4RHHDDM2YRZYDVZPYBB/.test-inbox-validation/fm-lab.95t4pk8k/state/retry.status
WAKE_ACK_REQUIRED: after handling completes run bin/fm-wake-drain.sh --ack-through 2 --recovery-generation 1303549.1790876357.9jzJeA
wake annotation: unread wake-EVENT since last drain, not current state: retry.status: needs-decision [key=live-check]: waiting for this isolated decision
wake annotation: latest wake-EVENT observed at drain, not current state: retry.status: resolved [key=live-check]: cleared for delivery
●━━━━━━━━━━━━━━━━━━━━━━━━━━━━━━━━━━━━━━━━━━━━━━━━━━━━━━━━━━━━━━━━━━━━━━━
●  WATCHER DOWN - SUPERVISION IS OFF
●  1 task(s) in flight, but no live watcher process holds this home lock (last beat: 13s ago).
●  Trust the emitted supervision protocol for this harness; do not use shell & for watcher repair.
●  This is a supervision warning only; the guarded operation WILL still run.
●  After draining queued wakes, repair missing watcher supervision according to the session-start block for this harness; do not use shell &.
●━━━━━━━━━━━━━━━━━━━━━━━━━━━━━━━━━━━━━━━━━━━━━━━━━━━━━━━━━━━━━━━━━━━━━━━
WARNING: queued wakes pending - drain them with bin/fm-wake-drain.sh before anything else.


WATCHER DRAIN
1790876377	4	signal	retry.status	signal: /home/ubuntu/.no-mistakes/worktrees/9c45ef16ef2c/01M3W6M4RHHDDM2YRZYDVZPYBB/.test-inbox-validation/fm-lab.95t4pk8k/state/retry.status
WAKE_ACK_REQUIRED: after handling completes run bin/fm-wake-drain.sh --ack-through 4 --recovery-generation 1330584.1790876376.7faJyJ
WARNING: watcher still down (same stale episode; last beat: 12s ago, grace 300s) - full banner already printed this episode.
WARNING: queued wakes pending - drain them with bin/fm-wake-drain.sh before anything else.


{
  "acted": "message-1\nmessage-2\nmessage-3\nmessage-5\n",
  "handled": [
    "001.msg",
    "002.msg",
    "003.msg",
    "004.msg",
    "005.msg"
  ],
  "retry_marker_exists": false,
  "watcher_log": "[2026-10-01T17:39:54+0000] steer-inbox retry ring: retry 005.msg result=0\n"
}
