ok - fm-startup-network: wait fails when no deferred stage publishes before its deadline
ok - fm-startup-network: start returns immediately and never holds the caller's stdout open
ok - fm-startup-network: exactly one of the digest and the wake reports each actionable result
ok - fm-startup-network: a claimant crash after publication still surfaces the result
ok - fm-startup-network: a report-publication failure is failed, diagnosed, and still wakes
ok - fm-startup-network: silent and explicitly informational successes never queue a main-blocking wake
ok - fm-startup-network: an actionable state=done report still queues a wake
ok - fm-startup-network: deferred invalid secondmate markers produce durable wakes
ok - fm-startup-network: manual callers cannot forge mutation authority
ok - fm-startup-network: an aggregate bound turns a wedged sweep into an actionable line
ok - fm-startup-network: process identity distinguishes live, dead and reused worker PIDs
ok - fm-startup-network: an exited worker awaiting reaping permits recovery
ok - fm-startup-network: unknown worker coordinates preserve status, output and generation
ok - fm-startup-network: namespace uncertainty preserves the original worker's publication
ok - fm-startup-network: an unknown probe leaves full startup incomplete until a successful retry
ok - fm-startup-network: locked requests supersede in-flight probe-only workers
ok - fm-startup-network: a second start never launches a competing worker
ok - fm-startup-network: start atomically reserves the generation harvest observes
ok - fm-startup-network: a new lock owner gets a distinct worker generation
not ok - lock takeover blocked 4s behind deferred network work
