Persisted pending-reply protocol records from unchanged targeted behavioral suite. Tests directly drive production library functions and helper CLI with a fixture clock and recording send hooks; this is supporting behavioral evidence, not a live primary or vendor transport claim.

grace-from-completion-26052/state/pending-replies/56a895629868521e
schema=fm-pending-reply.v1
corr_id=56a895629868521e
task_id=hibit
parent_home=/home/ubuntu/.no-mistakes/worktrees/9c45ef16ef2c/01M3T84JP9X8B71Q5FT96AR7D2/.test-procevent-validation/tmp/fm-test-run.JsQcmJ/w3/tmp/fm-pending-reply.MdjVRQ/grace-from-completion-26052
parent_status=/home/ubuntu/.no-mistakes/worktrees/9c45ef16ef2c/01M3T84JP9X8B71Q5FT96AR7D2/.test-procevent-validation/tmp/fm-test-run.JsQcmJ/w3/tmp/fm-pending-reply.MdjVRQ/grace-from-completion-26052/state/hibit.status
parent_status_scan_signature=
request_summary=long turn then missed report
created_epoch=20000
escalated_epoch=
resolved_epoch=
resolved_via=
wrong_home_hits=0
wrong_home_first_sighting=
wrong_home_sightings=
wrong_home_scan_signature=
grace_secs=120
delivered_epoch=20000
turn_seen_busy=1
request_turn_completed_epoch=20300
recovery_sender_pid=141083
recovery_sender_identity=Thu Oct  1 00:35:43 2026 bash tests/fm-pending-reply.test.sh
recovery_attempted_epoch=20421
recovery_delivery_outcome=confirmed
recovery_sent_epoch=20421
recovery_turn_seen_busy=0
recovery_turn_completed_epoch=
phase=recovery_sent

escalation-grace-from-completion-5653/state/pending-replies/02679cb55fc16b49
schema=fm-pending-reply.v1
corr_id=02679cb55fc16b49
task_id=hibit
parent_home=/home/ubuntu/.no-mistakes/worktrees/9c45ef16ef2c/01M3T84JP9X8B71Q5FT96AR7D2/.test-procevent-validation/tmp/fm-test-run.JsQcmJ/w3/tmp/fm-pending-reply.MdjVRQ/escalation-grace-from-completion-5653
parent_status=/home/ubuntu/.no-mistakes/worktrees/9c45ef16ef2c/01M3T84JP9X8B71Q5FT96AR7D2/.test-procevent-validation/tmp/fm-test-run.JsQcmJ/w3/tmp/fm-pending-reply.MdjVRQ/escalation-grace-from-completion-5653/state/hibit.status
parent_status_scan_signature=
request_summary=recovery also runs long
created_epoch=40000
turn_seen_busy=0
resolved_epoch=
resolved_via=
wrong_home_hits=0
wrong_home_first_sighting=
wrong_home_sightings=
wrong_home_scan_signature=
grace_secs=120
delivered_epoch=40000
request_turn_completed_epoch=40000
recovery_sender_pid=141083
recovery_sender_identity=Thu Oct  1 00:35:43 2026 bash tests/fm-pending-reply.test.sh
recovery_attempted_epoch=40120
recovery_delivery_outcome=confirmed
recovery_sent_epoch=40120
recovery_turn_seen_busy=0
recovery_turn_completed_epoch=40420
escalated_epoch=40541
phase=escalated

escalation-grace-from-completion-5653/state/hibit.status
blocked [key=pending-reply-02679cb55fc16b49] [at=1790814957]: pending-reply-missed: task=hibit pending-reply-id=02679cb55fc16b49 request=recovery also runs long

fresh-read-before-fire-14538/state/pending-replies/6660bbacc24fcc07
schema=fm-pending-reply.v1
corr_id=6660bbacc24fcc07
task_id=hibit
parent_home=/home/ubuntu/.no-mistakes/worktrees/9c45ef16ef2c/01M3T84JP9X8B71Q5FT96AR7D2/.test-procevent-validation/tmp/fm-test-run.JsQcmJ/w3/tmp/fm-pending-reply.MdjVRQ/fresh-read-before-fire-14538
parent_status=/home/ubuntu/.no-mistakes/worktrees/9c45ef16ef2c/01M3T84JP9X8B71Q5FT96AR7D2/.test-procevent-validation/tmp/fm-test-run.JsQcmJ/w3/tmp/fm-pending-reply.MdjVRQ/fresh-read-before-fire-14538/state/hibit.status
request_summary=reply lands just before the demand fires
created_epoch=30000
recovery_attempted_epoch=
recovery_sender_pid=
recovery_sender_identity=
recovery_sent_epoch=
recovery_delivery_outcome=
recovery_turn_seen_busy=0
recovery_turn_completed_epoch=
escalated_epoch=
wrong_home_hits=0
wrong_home_first_sighting=
wrong_home_sightings=
wrong_home_scan_signature=
grace_secs=120
delivered_epoch=30000
turn_seen_busy=1
request_turn_completed_epoch=30300
parent_status_scan_signature=64769:5248939:51:1790814949:1790814949
phase=resolved
resolved_epoch=30421
resolved_via=status

fresh-read-before-fire-14538/state/pending-replies/edb78cbdcc82cfe6
schema=fm-pending-reply.v1
corr_id=edb78cbdcc82cfe6
task_id=hibit
parent_home=/home/ubuntu/.no-mistakes/worktrees/9c45ef16ef2c/01M3T84JP9X8B71Q5FT96AR7D2/.test-procevent-validation/tmp/fm-test-run.JsQcmJ/w3/tmp/fm-pending-reply.MdjVRQ/fresh-read-before-fire-14538
parent_status=/home/ubuntu/.no-mistakes/worktrees/9c45ef16ef2c/01M3T84JP9X8B71Q5FT96AR7D2/.test-procevent-validation/tmp/fm-test-run.JsQcmJ/w3/tmp/fm-pending-reply.MdjVRQ/fresh-read-before-fire-14538/state/hibit.status
request_summary=reply lands just before the escalation fires
created_epoch=31000
turn_seen_busy=0
escalated_epoch=
wrong_home_hits=0
wrong_home_first_sighting=
wrong_home_sightings=
wrong_home_scan_signature=
grace_secs=120
delivered_epoch=31000
request_turn_completed_epoch=31000
recovery_sender_pid=141083
recovery_sender_identity=Thu Oct  1 00:35:43 2026 bash tests/fm-pending-reply.test.sh
recovery_attempted_epoch=31120
recovery_delivery_outcome=confirmed
recovery_sent_epoch=31120
recovery_turn_seen_busy=0
recovery_turn_completed_epoch=31120
parent_status_scan_signature=64769:5248939:102:1790814951:1790814951
phase=resolved
resolved_epoch=31240
resolved_via=status

fresh-read-before-fire-14538/state/hibit.status
working [corr=6660bbacc24fcc07]: still wrapping up
working [corr=edb78cbdcc82cfe6]: still wrapping up

grace-from-completion.log
ok

escalation-grace-from-completion.log
ok
