Selected original suite tail: orphan ownership through final Lavish readiness checks
ok - a detached listener starts reparented, with a live descendant tree under it
ok - a listener whose owning session is gone stops itself and its whole process group
ok - reaping the listener stops the process churn under it
ok - an identical listener in a home whose session is still there is untouched
ok - retiring a source reaps its reparented listener and every descendant under it
ok - a stop the guard cannot prove is retried until the expired runner is reaped
ok - retirement escalates after TERM leaves a surviving child (absent leader)
ok - retirement escalates after TERM leaves a surviving child (zombie leader)
ok - an expired runner's guard escalates past a signal-proof child
guard phase: fresh read 6.303-6.329s, expiry 8s, two full intervals could not finish before 18.303s (deadline 17s)
guard bound: lease=7s check=6s reaped 13.2s after the last owner activity, documented bound 15s
ok - an orphaned runner is reaped within the lease plus ONE check interval
decimal interval: 08 halves to 4s and its listener started
decimal interval: 010 halves to 5s and its listener started
ok - a zero-prefixed decimal interval starts its listener and halves as decimal
ok - one unreadable read does not end a live runner
ordinary stop: start status=143 retirement=810ms sampled windows=2088/2099ms
ok - a runner exits on the ordinary stop signal instead of outliving it
ok - a group whose leader died to something else is still refused, not signalled
ok - arm reports ready only after the listener is running
ok - arm waits out a delayed listener start before reporting ready
ok - arm fails when the listener cannot claim, and leaves the registration retire refused
ok - arm waits out the confirm window before reporting that the listener is not running
ok - re-arm over a live earlier listener reports it still serving the board
ok - older compatible Lavish versions retain the poll-with-reply behavior
ok - a refused synchronous reply fails arm before source registration
ok - a refused synchronous reply leaves the same arm retryable
ok - foreign homes and state roots neither post replies nor count another owner's live listener
ok - an arm refused for ownership, round, or endpoint never posts its reply
ok - direct poll confirms a new-version reply before polling
ok - an unknown Lavish version fails arm and poll closed, keeping the staged reply
ok - arm posts and confirms the staged reply before reporting listener readiness
ok - re-arm launches the new generation once a draining earlier claim is released
ok - arm does not launch beside a stale claim whose process group is alive

all procevent tests passed
