FM_TEST_BEGIN 2026-10-01T00:35:10Z tests/fm-afk-return.test.sh family=afk expected_gate_skip=none
ok - return catch-up owns live blocker remediation, reports itself to Bearings as content, preserves evidence once, and clears idempotently
ok - tmux and Herdr blockers require the same explicit durable reclassification before ordinary work
ok - needs-decision remains reportable without masquerading as a firstmate-actionable blocker
ok - AFK return re-drains published wakes until handling acknowledges
ok - away-mode re-entry fails closed while the prior return catch-up is pending
ok - /quiet off's return path behaves identically for a quiet-content flag as for a legacy away-content one
ok - check retries recorded terminal teardown and keeps catch-up gated until success
ok - an unreadable superseded mandate stays required until its record validates
ok - the retained contract epoch requires its final archive on every check
ok - the return brief renders health, the words with the session account, waiting, could-not-fix, handled, and cost from durable records, and the gate shrinks to what the away session could not fix
ok - the return brief lists landed work whose worker is still up, from the durable merge marker only, without gating on it and never offering a secondmate for teardown
ok - the return brief points at the drain for branch outcomes on a host home and leaves the read cursor to it, and a Pi home's brief is unchanged
ok - the all-silent return keeps the outcome stored without promising a drain presentation
ok - a drain that cannot record its branch-outcome presentation keeps the return's catch-up gated until a check records it
ok - a refreshed posture keeps its original window, superseded mandate, and earlier outcomes
ok - a malformed posture record stays live and gates return catch-up
ok - an epochless malformed record remains required until restored valid
ok - an unreadable outcome store gates catch-up until a successful reread
ok - an unavailable held listing gates catch-up until a successful reread
ok - an unreadable status stays private and gates until a successful reread
ok - a status-file-less leftover record gates return; a readable status on that same record is the proven path that passes
ok - a leftover record with a readable status file lets return catch-up clear
ok - the read-only guard treats the away-posture record as active away mode without the legacy flag
ok - the return brief leads with supervisor health and names every detected gap
ok - the return brief does not report an already-acked watcher-down marker as an open gap
ok - the return brief reports a wake mid-handling at return as information, and only an open downtime episode as a gap
/home/ubuntu/.no-mistakes/worktrees/9c45ef16ef2c/01M3T84JP9X8B71Q5FT96AR7D2/.test-supervision/tmp/fm-afk-return-tests.Cxmz0M/brief-engine-latch/bin/fm-supervision-engine-lib.sh: line 199: /home/ubuntu/.no-mistakes/worktrees/9c45ef16ef2c/01M3T84JP9X8B71Q5FT96AR7D2/.test-supervision/tmp/fm-afk-return-tests.Cxmz0M/brief-engine-latch/bin/fm-session-lock-lib.sh: No such file or directory
/home/ubuntu/.no-mistakes/worktrees/9c45ef16ef2c/01M3T84JP9X8B71Q5FT96AR7D2/.test-supervision/tmp/fm-afk-return-tests.Cxmz0M/brief-engine-latch/bin/fm-supervision-engine-lib.sh: line 200: fm_session_lock_codex_record_present: command not found
/home/ubuntu/.no-mistakes/worktrees/9c45ef16ef2c/01M3T84JP9X8B71Q5FT96AR7D2/.test-supervision/tmp/fm-afk-return-tests.Cxmz0M/brief-engine-recovered/bin/fm-supervision-engine-lib.sh: line 199: /home/ubuntu/.no-mistakes/worktrees/9c45ef16ef2c/01M3T84JP9X8B71Q5FT96AR7D2/.test-supervision/tmp/fm-afk-return-tests.Cxmz0M/brief-engine-recovered/bin/fm-session-lock-lib.sh: No such file or directory
/home/ubuntu/.no-mistakes/worktrees/9c45ef16ef2c/01M3T84JP9X8B71Q5FT96AR7D2/.test-supervision/tmp/fm-afk-return-tests.Cxmz0M/brief-engine-recovered/bin/fm-supervision-engine-lib.sh: line 200: fm_session_lock_codex_record_present: command not found
/home/ubuntu/.no-mistakes/worktrees/9c45ef16ef2c/01M3T84JP9X8B71Q5FT96AR7D2/.test-supervision/tmp/fm-afk-return-tests.Cxmz0M/brief-engine-relatched/bin/fm-supervision-engine-lib.sh: line 199: /home/ubuntu/.no-mistakes/worktrees/9c45ef16ef2c/01M3T84JP9X8B71Q5FT96AR7D2/.test-supervision/tmp/fm-afk-return-tests.Cxmz0M/brief-engine-relatched/bin/fm-session-lock-lib.sh: No such file or directory
/home/ubuntu/.no-mistakes/worktrees/9c45ef16ef2c/01M3T84JP9X8B71Q5FT96AR7D2/.test-supervision/tmp/fm-afk-return-tests.Cxmz0M/brief-engine-relatched/bin/fm-supervision-engine-lib.sh: line 200: fm_session_lock_codex_record_present: command not found
/home/ubuntu/.no-mistakes/worktrees/9c45ef16ef2c/01M3T84JP9X8B71Q5FT96AR7D2/.test-supervision/tmp/fm-afk-return-tests.Cxmz0M/brief-engine-cooled/bin/fm-supervision-engine-lib.sh: line 199: /home/ubuntu/.no-mistakes/worktrees/9c45ef16ef2c/01M3T84JP9X8B71Q5FT96AR7D2/.test-supervision/tmp/fm-afk-return-tests.Cxmz0M/brief-engine-cooled/bin/fm-session-lock-lib.sh: No such file or directory
/home/ubuntu/.no-mistakes/worktrees/9c45ef16ef2c/01M3T84JP9X8B71Q5FT96AR7D2/.test-supervision/tmp/fm-afk-return-tests.Cxmz0M/brief-engine-cooled/bin/fm-supervision-engine-lib.sh: line 200: fm_session_lock_codex_record_present: command not found
/home/ubuntu/.no-mistakes/worktrees/9c45ef16ef2c/01M3T84JP9X8B71Q5FT96AR7D2/.test-supervision/tmp/fm-afk-return-tests.Cxmz0M/brief-engine-errors/bin/fm-supervision-engine-lib.sh: line 199: /home/ubuntu/.no-mistakes/worktrees/9c45ef16ef2c/01M3T84JP9X8B71Q5FT96AR7D2/.test-supervision/tmp/fm-afk-return-tests.Cxmz0M/brief-engine-errors/bin/fm-session-lock-lib.sh: No such file or directory
/home/ubuntu/.no-mistakes/worktrees/9c45ef16ef2c/01M3T84JP9X8B71Q5FT96AR7D2/.test-supervision/tmp/fm-afk-return-tests.Cxmz0M/brief-engine-errors/bin/fm-supervision-engine-lib.sh: line 200: fm_session_lock_codex_record_present: command not found
/home/ubuntu/.no-mistakes/worktrees/9c45ef16ef2c/01M3T84JP9X8B71Q5FT96AR7D2/.test-supervision/tmp/fm-afk-return-tests.Cxmz0M/brief-engine-trimmed/bin/fm-supervision-engine-lib.sh: line 199: /home/ubuntu/.no-mistakes/worktrees/9c45ef16ef2c/01M3T84JP9X8B71Q5FT96AR7D2/.test-supervision/tmp/fm-afk-return-tests.Cxmz0M/brief-engine-trimmed/bin/fm-session-lock-lib.sh: No such file or directory
/home/ubuntu/.no-mistakes/worktrees/9c45ef16ef2c/01M3T84JP9X8B71Q5FT96AR7D2/.test-supervision/tmp/fm-afk-return-tests.Cxmz0M/brief-engine-trimmed/bin/fm-supervision-engine-lib.sh: line 200: fm_session_lock_codex_record_present: command not found
/home/ubuntu/.no-mistakes/worktrees/9c45ef16ef2c/01M3T84JP9X8B71Q5FT96AR7D2/.test-supervision/tmp/fm-afk-return-tests.Cxmz0M/brief-engine-probe-only/bin/fm-supervision-engine-lib.sh: line 199: /home/ubuntu/.no-mistakes/worktrees/9c45ef16ef2c/01M3T84JP9X8B71Q5FT96AR7D2/.test-supervision/tmp/fm-afk-return-tests.Cxmz0M/brief-engine-probe-only/bin/fm-session-lock-lib.sh: No such file or directory
/home/ubuntu/.no-mistakes/worktrees/9c45ef16ef2c/01M3T84JP9X8B71Q5FT96AR7D2/.test-supervision/tmp/fm-afk-return-tests.Cxmz0M/brief-engine-probe-only/bin/fm-supervision-engine-lib.sh: line 200: fm_session_lock_codex_record_present: command not found
/home/ubuntu/.no-mistakes/worktrees/9c45ef16ef2c/01M3T84JP9X8B71Q5FT96AR7D2/.test-supervision/tmp/fm-afk-return-tests.Cxmz0M/brief-engine-probe-before/bin/fm-supervision-engine-lib.sh: line 199: /home/ubuntu/.no-mistakes/worktrees/9c45ef16ef2c/01M3T84JP9X8B71Q5FT96AR7D2/.test-supervision/tmp/fm-afk-return-tests.Cxmz0M/brief-engine-probe-before/bin/fm-session-lock-lib.sh: No such file or directory
/home/ubuntu/.no-mistakes/worktrees/9c45ef16ef2c/01M3T84JP9X8B71Q5FT96AR7D2/.test-supervision/tmp/fm-afk-return-tests.Cxmz0M/brief-engine-probe-before/bin/fm-supervision-engine-lib.sh: line 200: fm_session_lock_codex_record_present: command not found
/home/ubuntu/.no-mistakes/worktrees/9c45ef16ef2c/01M3T84JP9X8B71Q5FT96AR7D2/.test-supervision/tmp/fm-afk-return-tests.Cxmz0M/brief-engine-no-ledger/bin/fm-supervision-engine-lib.sh: line 199: /home/ubuntu/.no-mistakes/worktrees/9c45ef16ef2c/01M3T84JP9X8B71Q5FT96AR7D2/.test-supervision/tmp/fm-afk-return-tests.Cxmz0M/brief-engine-no-ledger/bin/fm-session-lock-lib.sh: No such file or directory
/home/ubuntu/.no-mistakes/worktrees/9c45ef16ef2c/01M3T84JP9X8B71Q5FT96AR7D2/.test-supervision/tmp/fm-afk-return-tests.Cxmz0M/brief-engine-no-ledger/bin/fm-supervision-engine-lib.sh: line 200: fm_session_lock_codex_record_present: command not found
ok - the return brief's failures section names an engine latch inside the away window with its time, error count, and cooldown state
/home/ubuntu/.no-mistakes/worktrees/9c45ef16ef2c/01M3T84JP9X8B71Q5FT96AR7D2/.test-supervision/tmp/fm-afk-return-tests.Cxmz0M/brief-lost-second-trip/bin/fm-supervision-engine-lib.sh: line 199: /home/ubuntu/.no-mistakes/worktrees/9c45ef16ef2c/01M3T84JP9X8B71Q5FT96AR7D2/.test-supervision/tmp/fm-afk-return-tests.Cxmz0M/brief-lost-second-trip/bin/fm-session-lock-lib.sh: No such file or directory
/home/ubuntu/.no-mistakes/worktrees/9c45ef16ef2c/01M3T84JP9X8B71Q5FT96AR7D2/.test-supervision/tmp/fm-afk-return-tests.Cxmz0M/brief-lost-second-trip/bin/fm-supervision-engine-lib.sh: line 200: fm_session_lock_codex_record_present: command not found
ok - a lost second trip append does not attach the current pause to a recovered episode
/home/ubuntu/.no-mistakes/worktrees/9c45ef16ef2c/01M3T84JP9X8B71Q5FT96AR7D2/.test-supervision/tmp/fm-afk-return-tests.Cxmz0M/brief-recovery-save-interleaving/bin/fm-supervision-engine-lib.sh: line 199: /home/ubuntu/.no-mistakes/worktrees/9c45ef16ef2c/01M3T84JP9X8B71Q5FT96AR7D2/.test-supervision/tmp/fm-afk-return-tests.Cxmz0M/brief-recovery-save-interleaving/bin/fm-session-lock-lib.sh: No such file or directory
/home/ubuntu/.no-mistakes/worktrees/9c45ef16ef2c/01M3T84JP9X8B71Q5FT96AR7D2/.test-supervision/tmp/fm-afk-return-tests.Cxmz0M/brief-recovery-save-interleaving/bin/fm-supervision-engine-lib.sh: line 200: fm_session_lock_codex_record_present: command not found
ok - a recovered row preceding the stale retry time does not invent a second trip
/home/ubuntu/.no-mistakes/worktrees/9c45ef16ef2c/01M3T84JP9X8B71Q5FT96AR7D2/.test-supervision/tmp/fm-afk-return-tests.Cxmz0M/brief-trip-count/bin/fm-supervision-engine-lib.sh: line 199: /home/ubuntu/.no-mistakes/worktrees/9c45ef16ef2c/01M3T84JP9X8B71Q5FT96AR7D2/.test-supervision/tmp/fm-afk-return-tests.Cxmz0M/brief-trip-count/bin/fm-session-lock-lib.sh: No such file or directory
/home/ubuntu/.no-mistakes/worktrees/9c45ef16ef2c/01M3T84JP9X8B71Q5FT96AR7D2/.test-supervision/tmp/fm-afk-return-tests.Cxmz0M/brief-trip-count/bin/fm-supervision-engine-lib.sh: line 200: fm_session_lock_codex_record_present: command not found
ok - a later failed probe does not change the trip-row error count
/home/ubuntu/.no-mistakes/worktrees/9c45ef16ef2c/01M3T84JP9X8B71Q5FT96AR7D2/.test-supervision/tmp/fm-afk-return-tests.Cxmz0M/brief-session-boundary/bin/fm-supervision-engine-lib.sh: line 199: /home/ubuntu/.no-mistakes/worktrees/9c45ef16ef2c/01M3T84JP9X8B71Q5FT96AR7D2/.test-supervision/tmp/fm-afk-return-tests.Cxmz0M/brief-session-boundary/bin/fm-session-lock-lib.sh: No such file or directory
/home/ubuntu/.no-mistakes/worktrees/9c45ef16ef2c/01M3T84JP9X8B71Q5FT96AR7D2/.test-supervision/tmp/fm-afk-return-tests.Cxmz0M/brief-session-boundary/bin/fm-supervision-engine-lib.sh: line 200: fm_session_lock_codex_record_present: command not found
ok - the return brief excludes prior-session latch rows
/home/ubuntu/.no-mistakes/worktrees/9c45ef16ef2c/01M3T84JP9X8B71Q5FT96AR7D2/.test-supervision/tmp/fm-afk-return-tests.Cxmz0M/brief-restart-one/bin/fm-supervision-engine-lib.sh: line 199: /home/ubuntu/.no-mistakes/worktrees/9c45ef16ef2c/01M3T84JP9X8B71Q5FT96AR7D2/.test-supervision/tmp/fm-afk-return-tests.Cxmz0M/brief-restart-one/bin/fm-session-lock-lib.sh: No such file or directory
/home/ubuntu/.no-mistakes/worktrees/9c45ef16ef2c/01M3T84JP9X8B71Q5FT96AR7D2/.test-supervision/tmp/fm-afk-return-tests.Cxmz0M/brief-restart-one/bin/fm-supervision-engine-lib.sh: line 200: fm_session_lock_codex_record_present: command not found
/home/ubuntu/.no-mistakes/worktrees/9c45ef16ef2c/01M3T84JP9X8B71Q5FT96AR7D2/.test-supervision/tmp/fm-afk-return-tests.Cxmz0M/brief-restart-two/bin/fm-supervision-engine-lib.sh: line 199: /home/ubuntu/.no-mistakes/worktrees/9c45ef16ef2c/01M3T84JP9X8B71Q5FT96AR7D2/.test-supervision/tmp/fm-afk-return-tests.Cxmz0M/brief-restart-two/bin/fm-session-lock-lib.sh: No such file or directory
/home/ubuntu/.no-mistakes/worktrees/9c45ef16ef2c/01M3T84JP9X8B71Q5FT96AR7D2/.test-supervision/tmp/fm-afk-return-tests.Cxmz0M/brief-restart-two/bin/fm-supervision-engine-lib.sh: line 200: fm_session_lock_codex_record_present: command not found
/home/ubuntu/.no-mistakes/worktrees/9c45ef16ef2c/01M3T84JP9X8B71Q5FT96AR7D2/.test-supervision/tmp/fm-afk-return-tests.Cxmz0M/brief-restart-errors/bin/fm-supervision-engine-lib.sh: line 199: /home/ubuntu/.no-mistakes/worktrees/9c45ef16ef2c/01M3T84JP9X8B71Q5FT96AR7D2/.test-supervision/tmp/fm-afk-return-tests.Cxmz0M/brief-restart-errors/bin/fm-session-lock-lib.sh: No such file or directory
/home/ubuntu/.no-mistakes/worktrees/9c45ef16ef2c/01M3T84JP9X8B71Q5FT96AR7D2/.test-supervision/tmp/fm-afk-return-tests.Cxmz0M/brief-restart-errors/bin/fm-supervision-engine-lib.sh: line 200: fm_session_lock_codex_record_present: command not found
ok - the return brief retains in-window trips and failed turns across a main restart
ok - a return with only the legacy away flag still renders the brief and measures the window from the flag
